365shoppingdays.com
aax-eu-retail-direct.amazon-adsystem.com
ads-router-noneu.truecaller.com
ads.helloenglish.com
adservercheck.net
adtracking.mobi
andsf.prod.analytics.jio.com
andsf.prod.pub.jio.com
apc994.com
apk.ad.snappea.com
atrimunte.com
belaswear.com
callback.ad.snappea.com
caribosome.com
click.baburnadir.com
click.smartadsdirect.info
click.tbt.li
clk.adtracking.mobi
config.ad.snappea.com
cpi-offers.com
event.shelljacket.us
evt.mxplay.com
fd.allsaintsyrt.club
gg.explorermvk.club
go2.babycpi.com
graph.facebook.com
graph.fbpigeon.com
if.singularityfds.club
il32.co
in.appcenter.ms
jcpnv.jio.com
jeheiney.com
jep-asset.akamaized.net
log2.adgyde.com
mapia.fkapi.net
mapib.fkapi.net
mapir.fkapi.net
monetizer.ili9.co
panel.widgetwhats.com
pirmicota.com
push.api.snappea.com
quackquack.in
riceio.com
sensors.snappea.com
serving.trafficmizer.online
sl.we-ads25.club
srv5.mybestfeed.com
t.offerlink.net
t1.greatforwarding.com
tc-traffic.com
tha.gotrackier.com
thetraitor.xyz
track.adclickbyte.com
track.adxmel.com
tracking.icubeswire.co
trccmpnlnk.com
trk.appittech.com
trk19.onnur.xyz
usd.caralla-ver.com
vitunevar.com
web.qurekapro.com
