16honeys.com
2games.com
adultdeepfakes.com
badoinkvr.com
beeg.com
beeg.party
beeg.porn
beeg.sex
beegnow.com
befuck.net
bigfuck.tv
cartoon-sex.tv
cartoonprn.com
celebjihad.com
celebjihad.live
celebjihad.xxx
celebritysex.co
celebsdaddy.me
czechvr.com
daftsex.com
desimasalaboard.com
fap18.net
fapster.xxx
freeadultcomix.com
fullvrporn.com
iporntv.net
laidhub.com
letmejerk6.com
lubetube.me
m.tnaflix.com
mobilevrxxx.com
mrdeepfakes.com
mrporngeek.com
multiporn.net
peekvids.com
porn.biz
porn.com
pornfuck.net
pornhat.one
pornhub.com
pornhub.org
pornmate.com
pussyspace.net
redtube.com
redtube.in
redtube.zone
redtube.xxx
redtube.works
redtube.org
redtube.cheap
ro89.com
sexcelebrity.net
sexlikereal.com
sexvr.com
spankbang.com
spankbang-cdn.com
sunnyleone.com
theporndude.com
thumbzilla.com
tube188.com
tubesafari.com
vipwank.com
virtualrealporn.com
vr.pornhat.com
vrbangers.com
vrhump.com
vrphub.com
vrporn.com
vrsmash.com
vrsumo.com
wankzvr.com
xcafe.mobi
xhamster.com
xhamster.desi
xhamster7.desi
xhuub.com
xlecx.com
xlecx.org
xmoviesforyou.com
xnxx.com
xnxx.es
xvideos-cdn.com
xvideos2.com
xvideos3.com
xvideos4.com
xvideos.com
xvideos.es
xxxlucah.com
xxxreal.com
yougoggle.com
youjizz.com
www.16honeys.com
www.2games.com
www.adultdeepfakes.com
www.badoinkvr.com
www.beeg.com
www.beeg.party
www.beeg.porn
www.beeg.sex
www.beegnow.com
www.befuck.net
www.bigfuck.tv
www.cartoon-sex.tv
www.cartoonprn.com
www.celebjihad.com
www.celebjihad.live
www.celebjihad.xxx
www.celebritysex.co
www.celebsdaddy.me
www.czechvr.com
www.daftsex.com
www.desimasalaboard.com
www.fap18.net
www.fapster.xxx
www.freeadultcomix.com
www.fullvrporn.com
www.iporntv.net
www.laidhub.com
www.letmejerk6.com
www.lubetube.me
www.m.tnaflix.com
www.mobilevrxxx.com
www.mrdeepfakes.com
www.mrporngeek.com
www.multiporn.net
www.peekvids.com
www.porn.biz
www.porn.com
www.pornfuck.net
www.pornhat.one
www.pornhub.com
www.pornhub.org
www.pornmate.com
www.pussyspace.net
www.redtube.com
www.redtube.in
www.redtube.zone
www.redtube.xxx
www.redtube.works
www.redtube.org
www.redtube.cheap
www.ro89.com
www.sexcelebrity.net
www.sexlikereal.com
www.sexvr.com
www.spankbang.com
www.spankbang-cdn.com
www.sunnyleone.com
www.theporndude.com
www.thumbzilla.com
www.tube188.com
www.tubesafari.com
www.vipwank.com
www.virtualrealporn.com
www.vr.pornhat.com
www.vrbangers.com
www.vrhump.com
www.vrphub.com
www.vrporn.com
www.vrsmash.com
www.vrsumo.com
www.wankzvr.com
www.xcafe.mobi
www.xhamster.com
www.xhamster.desi
www.xhamster7.desi
www.xhuub.com
www.xlecx.com
www.xmoviesforyou.com
www.xnxx.com
www.xnxx.es
www.xvideos-cdn.com
www.xvideos2.com
www.xvideos3.com
www.xvideos4.com
www.xvideos.com
www.xvideos.es
www.xxxlucah.com
www.xxxreal.com
www.yougoggle.com
www.youjizz.com