16honeys.com
2games.com
adultdeepfakes.com
badoinkvr.com
beeg.com
beeg.party
beeg.porn
beeg.sex
beegnow.com
befuck.net
bigfuck.tv
cartoon-sex.tv
cartoonprn.com
celebjihad.com
celebjihad.live
celebjihad.xxx
celebritysex.co
celebsdaddy.me
czechvr.com
daftsex.com
desimasalaboard.com
fap18.net
fapster.xxx
freeadultcomix.com
fullvrporn.com
iporntv.net
laidhub.com
letmejerk6.com
lubetube.me
m.tnaflix.com
mobilevrxxx.com
mrdeepfakes.com
mrporngeek.com
multiporn.net
peekvids.com
porn.biz
porn.com
pornfuck.net
pornhat.one
pornhub.com
pornhub.org
pornmate.com
ro89.com
sexcelebrity.net
sexlikereal.com
sexvr.com
spankbang.com
sunnyleone.com
theporndude.com
thumbzilla.com
tube188.com
tubesafari.com
vipwank.com
virtualrealporn.com
vr.pornhat.com
vrbangers.com
vrhump.com
vrphub.com
vrporn.com
vrsmash.com
vrsumo.com
wankzvr.com
xcafe.mobi
xhamster.com
xhamster.desi
xhuub.com
xlecx.com
xmoviesforyou.com
xnxx.com
xnxx.es
xvideos2.com
xvideos3.com
xvideos.com
xvideos.es
xvieos4.com
xxxlucah.com
xxxreal.com
yougoggle.com
youjizz.com